
> build
> vite build

[36mvite v6.4.1 [32mbuilding SSR bundle for production...[36m[39m
transforming...
[32m✓[39m 155 modules transformed.
rendering chunks...
[2mdist/[22m[36m_worker.js  [39m[1m[33m3,235.08 kB[39m[22m
[32m✓ built in 2.95s[39m
